// Jest Snapshot v1, https://goo.gl/fbAQLP

exports[`should match the snapshot 1`] = `
<DocumentFragment>
  <div
    class="contact"
  >
    <div
      class="contact__header"
    >
      <h1
        class="contact__title"
      >
        Contact us
      </h1>
      <img
        class="contact__image"
      />
    </div>
    <form
      class="contact__form"
    >
      <input
        class="contact__form__subject"
        data-testid="input"
        placeholder="Subject"
        type="text"
      />
      <textarea
        class="contact__form__description"
        data-testid="textarea"
        maxlength="200"
        minlength="10"
        placeholder="Describe your problem in 200 caracters"
      />
      <button
        class="contact__form__button"
      >
        Submit
      </button>
    </form>
  </div>
</DocumentFragment>
`;
