// Jest Snapshot v1, https://goo.gl/fbAQLP

exports[`should match the snapshot 1`] = `
<DocumentFragment>
  <div>
    404! 
    <a
      href="/"
    >
      Go home
    </a>
  </div>
</DocumentFragment>
`;
